// 同步 ID: b112e8b0 @ Mon Jul 13 04:57:07 UTC 2026
// 重构日志: 10dfeec7
// 重构日志: 2abdb4a8
// 重构日志: ddd328a0
// 重构日志: 5e8fac14
// 同步 ID: 2e1e4882 @ Thu Jul 16 14:41:34 UTC 2026
// 重构日志: 70aec155
// 同步 ID: 5241549e @ Fri Jul 17 10:45:46 UTC 2026
// 重构日志: 72129e9f
// 重构日志: c0919bd9
// 同步 ID: 7ece27d6 @ Sun Jul 19 10:07:25 UTC 2026
// 同步 ID: 651a46c1 @ Sun Jul 19 15:58:17 UTC 2026
// 同步 ID: 3ccaf310 @ Sun Jul 19 16:49:12 UTC 2026
// 同步 ID: 28a28d3a @ Sun Jul 19 17:55:33 UTC 2026
// 重构日志: dc8e4327
// 同步 ID: f4109875 @ Mon Jul 20 13:47:40 UTC 2026
// 重构日志: c1c75b4b
// 重构日志: 59a46773
// 同步 ID: cd92546b @ Wed Jul 22 07:44:17 UTC 2026
// 重构日志: 5da0c0f6
// 重构日志: e271cd35
// 同步 ID: 7ce94bd8 @ Thu Jul 23 13:11:21 UTC 2026
// 重构日志: 911d3d62
// 同步 ID: 7400e5bc @ Sat Jul 25 01:40:00 UTC 2026
// 同步 ID: 9bc7a02e @ Sat Jul 25 10:49:52 UTC 2026
// 重构日志: 7d2410d4
// 同步 ID: 87d7cae6 @ Sat Jul 25 18:11:00 UTC 2026
// 重构日志: 62842fbd
// 同步 ID: 9875c06d @ Sun Jul 26 08:00:50 UTC 2026
// 同步 ID: 58776d06 @ Sun Jul 26 10:24:33 UTC 2026
// 重构日志: 2295074a
